=========== TEST CHECAR NUMERO SEGURO ==========
Sudoku:
╔═══╤═══╤═══╦═══╤═══╤═══╦═══╤═══╤═══╗
║ 2 │ 6 │   ║   │ 7 │   ║ 4 │ 8 │ 3 ║
╟───┼───┼───╫───┼───┼───╫───┼───┼───╢
║ 3 │ 1 │   ║   │   │   ║   │   │ 9 ║
╟───┼───┼───╫───┼───┼───╫───┼───┼───╢
║ 5 │ 7 │   ║ 3 │ 4 │   ║   │   │ 2 ║
╠═══╪═══╪═══╬═══╪═══╪═══╬═══╪═══╪═══╣
║ 1 │   │   ║   │   │   ║ 9 │   │   ║
╟───┼───┼───╫───┼───┼───╫───┼───┼───╢
║   │ 8 │   ║   │ 9 │   ║   │ 3 │   ║
╟───┼───┼───╫───┼───┼───╫───┼───┼───╢
║   │   │ 7 ║   │   │   ║   │   │ 5 ║
╠═══╪═══╪═══╬═══╪═══╪═══╬═══╪═══╪═══╣
║ 7 │   │   ║   │ 5 │ 2 ║   │ 9 │ 4 ║
╟───┼───┼───╫───┼───┼───╫───┼───┼───╢
║ 8 │   │   ║   │   │   ║   │ 5 │ 7 ║
╟───┼───┼───╫───┼───┼───╫───┼───┼───╢
║ 9 │ 5 │ 6 ║   │ 3 │   ║   │ 2 │ 1 ║
╚═══╧═══╧═══╩═══╧═══╧═══╩═══╧═══╧═══╝
Colocar 6 en 2, 0, se espera False: False
Colocar 9 en 7, 3, se espera False: False
Colocar 2 en 4, 5, se espera True: True
Sudoku:
╔═══╤═══╤═══╦═══╤═══╤═══╦═══╤═══╤═══╗
║ 5 │ 3 │   ║   │ 7 │   ║   │   │   ║
╟───┼───┼───╫───┼───┼───╫───┼───┼───╢
║ 6 │   │   ║ 1 │ 9 │ 5 ║   │   │   ║
╟───┼───┼───╫───┼───┼───╫───┼───┼───╢
║   │ 9 │ 8 ║   │   │   ║   │ 6 │   ║
╠═══╪═══╪═══╬═══╪═══╪═══╬═══╪═══╪═══╣
║ 8 │   │   ║   │ 6 │   ║   │   │ 3 ║
╟───┼───┼───╫───┼───┼───╫───┼───┼───╢
║ 4 │   │   ║ 8 │   │ 3 ║   │   │ 1 ║
╟───┼───┼───╫───┼───┼───╫───┼───┼───╢
║ 7 │   │   ║   │ 2 │   ║   │   │ 6 ║
╠═══╪═══╪═══╬═══╪═══╪═══╬═══╪═══╪═══╣
║   │ 6 │   ║   │   │   ║ 2 │ 8 │   ║
╟───┼───┼───╫───┼───┼───╫───┼───┼───╢
║   │   │   ║ 4 │ 1 │ 9 ║   │   │ 5 ║
╟───┼───┼───╫───┼───┼───╫───┼───┼───╢
║   │   │   ║   │ 8 │   ║   │ 7 │ 9 ║
╚═══╧═══╧═══╩═══╧═══╧═══╩═══╧═══╧═══╝
Colocar 4 en 4, 4, se espera False: False
Colocar 1 en 4, 4, se espera False: False
Colocar 5 en 4, 4, se espera True: True
Sudoku:
╔═══╤═══╦═══╤═══╗
║ 4 │ 3 ║   │ 2 ║
╟───┼───╫───┼───╢
║   │ 2 ║   │   ║
╠═══╪═══╬═══╪═══╣
║   │ 1 ║ 4 │   ║
╟───┼───╫───┼───╢
║   │   ║   │   ║
╚═══╧═══╩═══╧═══╝
Colocar 2 en 2, 0, se espera False: False
Colocar 2 en 0, 2, se espera True: True
Colocar 1 en 2, 3, se espera True: True
.

 ========== TEST GENERACION DE SUDOKU ==========
String: 4231.2412.23213.
Sudoku generado
╔═══╤═══╦═══╤═══╗
║ 4 │ 2 ║ 3 │ 1 ║
╟───┼───╫───┼───╢
║   │ 2 ║ 4 │ 1 ║
╠═══╪═══╬═══╪═══╣
║ 2 │   ║ 2 │ 3 ║
╟───┼───╫───┼───╢
║ 2 │ 1 ║ 3 │   ║
╚═══╧═══╩═══╧═══╝
String: 1.211.1313..4422
Sudoku generado
╔═══╤═══╦═══╤═══╗
║ 1 │   ║ 2 │ 1 ║
╟───┼───╫───┼───╢
║ 1 │   ║ 1 │ 3 ║
╠═══╪═══╬═══╪═══╣
║ 1 │ 3 ║   │   ║
╟───┼───╫───┼───╢
║ 4 │ 4 ║ 2 │ 2 ║
╚═══╧═══╩═══╧═══╝
String: 24224233....3331
Sudoku generado
╔═══╤═══╦═══╤═══╗
║ 2 │ 4 ║ 2 │ 2 ║
╟───┼───╫───┼───╢
║ 4 │ 2 ║ 3 │ 3 ║
╠═══╪═══╬═══╪═══╣
║   │   ║   │   ║
╟───┼───╫───┼───╢
║ 3 │ 3 ║ 3 │ 1 ║
╚═══╧═══╩═══╧═══╝
String: 716651814413.8.73187..729947429887675.682653229235.2578965492333182....46..795.89
Sudoku generado
╔═══╤═══╤═══╦═══╤═══╤═══╦═══╤═══╤═══╗
║ 7 │ 1 │ 6 ║ 6 │ 5 │ 1 ║ 8 │ 1 │ 4 ║
╟───┼───┼───╫───┼───┼───╫───┼───┼───╢
║ 4 │ 1 │ 3 ║   │ 8 │   ║ 7 │ 3 │ 1 ║
╟───┼───┼───╫───┼───┼───╫───┼───┼───╢
║ 8 │ 7 │   ║   │ 7 │ 2 ║ 9 │ 9 │ 4 ║
╠═══╪═══╪═══╬═══╪═══╪═══╬═══╪═══╪═══╣
║ 7 │ 4 │ 2 ║ 9 │ 8 │ 8 ║ 7 │ 6 │ 7 ║
╟───┼───┼───╫───┼───┼───╫───┼───┼───╢
║ 5 │   │ 6 ║ 8 │ 2 │ 6 ║ 5 │ 3 │ 2 ║
╟───┼───┼───╫───┼───┼───╫───┼───┼───╢
║ 2 │ 9 │ 2 ║ 3 │ 5 │   ║ 2 │ 5 │ 7 ║
╠═══╪═══╪═══╬═══╪═══╪═══╬═══╪═══╪═══╣
║ 8 │ 9 │ 6 ║ 5 │ 4 │ 9 ║ 2 │ 3 │ 3 ║
╟───┼───┼───╫───┼───┼───╫───┼───┼───╢
║ 3 │ 1 │ 8 ║ 2 │   │   ║   │   │ 4 ║
╟───┼───┼───╫───┼───┼───╫───┼───┼───╢
║ 6 │   │   ║ 7 │ 9 │ 5 ║   │ 8 │ 9 ║
╚═══╧═══╧═══╩═══╧═══╧═══╩═══╧═══╧═══╝
String: 6294558.83883147748625786.448152934417815937748.178.2247517.22.4367373.75458.2678
Sudoku generado
╔═══╤═══╤═══╦═══╤═══╤═══╦═══╤═══╤═══╗
║ 6 │ 2 │ 9 ║ 4 │ 5 │ 5 ║ 8 │   │ 8 ║
╟───┼───┼───╫───┼───┼───╫───┼───┼───╢
║ 3 │ 8 │ 8 ║ 3 │ 1 │ 4 ║ 7 │ 7 │ 4 ║
╟───┼───┼───╫───┼───┼───╫───┼───┼───╢
║ 8 │ 6 │ 2 ║ 5 │ 7 │ 8 ║ 6 │   │ 4 ║
╠═══╪═══╪═══╬═══╪═══╪═══╬═══╪═══╪═══╣
║ 4 │ 8 │ 1 ║ 5 │ 2 │ 9 ║ 3 │ 4 │ 4 ║
╟───┼───┼───╫───┼───┼───╫───┼───┼───╢
║ 1 │ 7 │ 8 ║ 1 │ 5 │ 9 ║ 3 │ 7 │ 7 ║
╟───┼───┼───╫───┼───┼───╫───┼───┼───╢
║ 4 │ 8 │   ║ 1 │ 7 │ 8 ║   │ 2 │ 2 ║
╠═══╪═══╪═══╬═══╪═══╪═══╬═══╪═══╪═══╣
║ 4 │ 7 │ 5 ║ 1 │ 7 │   ║ 2 │ 2 │   ║
╟───┼───┼───╫───┼───┼───╫───┼───┼───╢
║ 4 │ 3 │ 6 ║ 7 │ 3 │ 7 ║ 3 │   │ 7 ║
╟───┼───┼───╫───┼───┼───╫───┼───┼───╢
║ 5 │ 4 │ 5 ║ 8 │   │ 2 ║ 6 │ 7 │ 8 ║
╚═══╧═══╧═══╩═══╧═══╧═══╩═══╧═══╧═══╝
String: 78231.9717335.238815.2378566735377.3862281174221156593.6324476117.487351593617218
Sudoku generado
╔═══╤═══╤═══╦═══╤═══╤═══╦═══╤═══╤═══╗
║ 7 │ 8 │ 2 ║ 3 │ 1 │   ║ 9 │ 7 │ 1 ║
╟───┼───┼───╫───┼───┼───╫───┼───┼───╢
║ 7 │ 3 │ 3 ║ 5 │   │ 2 ║ 3 │ 8 │ 8 ║
╟───┼───┼───╫───┼───┼───╫───┼───┼───╢
║ 1 │ 5 │   ║ 2 │ 3 │ 7 ║ 8 │ 5 │ 6 ║
╠═══╪═══╪═══╬═══╪═══╪═══╬═══╪═══╪═══╣
║ 6 │ 7 │ 3 ║ 5 │ 3 │ 7 ║ 7 │   │ 3 ║
╟───┼───┼───╫───┼───┼───╫───┼───┼───╢
║ 8 │ 6 │ 2 ║ 2 │ 8 │ 1 ║ 1 │ 7 │ 4 ║
╟───┼───┼───╫───┼───┼───╫───┼───┼───╢
║ 2 │ 2 │ 1 ║ 1 │ 5 │ 6 ║ 5 │ 9 │ 3 ║
╠═══╪═══╪═══╬═══╪═══╪═══╬═══╪═══╪═══╣
║   │ 6 │ 3 ║ 2 │ 4 │ 4 ║ 7 │ 6 │ 1 ║
╟───┼───┼───╫───┼───┼───╫───┼───┼───╢
║ 1 │ 7 │   ║ 4 │ 8 │ 7 ║ 3 │ 5 │ 1 ║
╟───┼───┼───╫───┼───┼───╫───┼───┼───╢
║ 5 │ 9 │ 3 ║ 6 │ 1 │ 7 ║ 2 │ 1 │ 8 ║
╚═══╧═══╧═══╩═══╧═══╧═══╩═══╧═══╧═══╝
String: GFF55FF29B38DF8683.DA52C7A9F856F3B8B2861B357E91BGD216BF4C67E26C.19D6D1C229.G62BDFEG.E841FA55954G494835FDC7A77A2F175BE9661G295533E243BF.7A341FG1817.17448364E8B7F3F81193BB97E316.78B1.DG7277528A.F73..7F98.3.61.G966E9A8677B.FD87D7B8CCD2435DC9B31653624F2BDE.D.6
Sudoku generado
╔═══╤═══╤═══╤═══╦═══╤═══╤═══╤═══╦═══╤═══╤═══╤═══╦═══╤═══╤═══╤═══╗
║ G │ F │ F │ 5 ║ 5 │ F │ F │ 2 ║ 9 │ B │ 3 │ 8 ║ D │ F │ 8 │ 6 ║
╟───┼───┼───┼───╫───┼───┼───┼───╫───┼───┼───┼───╫───┼───┼───┼───╢
║ 8 │ 3 │   │ D ║ A │ 5 │ 2 │ C ║ 7 │ A │ 9 │ F ║ 8 │ 5 │ 6 │ F ║
╟───┼───┼───┼───╫───┼───┼───┼───╫───┼───┼───┼───╫───┼───┼───┼───╢
║ 3 │ B │ 8 │ B ║ 2 │ 8 │ 6 │ 1 ║ B │ 3 │ 5 │ 7 ║ E │ 9 │ 1 │ B ║
╟───┼───┼───┼───╫───┼───┼───┼───╫───┼───┼───┼───╫───┼───┼───┼───╢
║ G │ D │ 2 │ 1 ║ 6 │ B │ F │ 4 ║ C │ 6 │ 7 │ E ║ 2 │ 6 │ C │   ║
╠═══╪═══╪═══╪═══╬═══╪═══╪═══╪═══╬═══╪═══╪═══╪═══╬═══╪═══╪═══╪═══╣
║ 1 │ 9 │ D │ 6 ║ D │ 1 │ C │ 2 ║ 2 │ 9 │   │ G ║ 6 │ 2 │ B │ D ║
╟───┼───┼───┼───╫───┼───┼───┼───╫───┼───┼───┼───╫───┼───┼───┼───╢
║ F │ E │ G │   ║ E │ 8 │ 4 │ 1 ║ F │ A │ 5 │ 5 ║ 9 │ 5 │ 4 │ G ║
╟───┼───┼───┼───╫───┼───┼───┼───╫───┼───┼───┼───╫───┼───┼───┼───╢
║ 4 │ 9 │ 4 │ 8 ║ 3 │ 5 │ F │ D ║ C │ 7 │ A │ 7 ║ 7 │ A │ 2 │ F ║
╟───┼───┼───┼───╫───┼───┼───┼───╫───┼───┼───┼───╫───┼───┼───┼───╢
║ 1 │ 7 │ 5 │ B ║ E │ 9 │ 6 │ 6 ║ 1 │ G │ 2 │ 9 ║ 5 │ 5 │ 3 │ 3 ║
╠═══╪═══╪═══╪═══╬═══╪═══╪═══╪═══╬═══╪═══╪═══╪═══╬═══╪═══╪═══╪═══╣
║ E │ 2 │ 4 │ 3 ║ B │ F │   │ 7 ║ A │ 3 │ 4 │ 1 ║ F │ G │ 1 │ 8 ║
╟───┼───┼───┼───╫───┼───┼───┼───╫───┼───┼───┼───╫───┼───┼───┼───╢
║ 1 │ 7 │   │ 1 ║ 7 │ 4 │ 4 │ 8 ║ 3 │ 6 │ 4 │ E ║ 8 │ B │ 7 │ F ║
╟───┼───┼───┼───╫───┼───┼───┼───╫───┼───┼───┼───╫───┼───┼───┼───╢
║ 3 │ F │ 8 │ 1 ║ 1 │ 9 │ 3 │ B ║ B │ 9 │ 7 │ E ║ 3 │ 1 │ 6 │   ║
╟───┼───┼───┼───╫───┼───┼───┼───╫───┼───┼───┼───╫───┼───┼───┼───╢
║ 7 │ 8 │ B │ 1 ║   │ D │ G │ 7 ║ 2 │ 7 │ 7 │ 5 ║ 2 │ 8 │ A │   ║
╠═══╪═══╪═══╪═══╬═══╪═══╪═══╪═══╬═══╪═══╪═══╪═══╬═══╪═══╪═══╪═══╣
║ F │ 7 │ 3 │   ║   │ 7 │ F │ 9 ║ 8 │   │ 3 │   ║ 6 │ 1 │   │ G ║
╟───┼───┼───┼───╫───┼───┼───┼───╫───┼───┼───┼───╫───┼───┼───┼───╢
║ 9 │ 6 │ 6 │ E ║ 9 │ A │ 8 │ 6 ║ 7 │ 7 │ B │   ║ F │ D │ 8 │ 7 ║
╟───┼───┼───┼───╫───┼───┼───┼───╫───┼───┼───┼───╫───┼───┼───┼───╢
║ D │ 7 │ B │ 8 ║ C │ C │ D │ 2 ║ 4 │ 3 │ 5 │ D ║ C │ 9 │ B │ 3 ║
╟───┼───┼───┼───╫───┼───┼───┼───╫───┼───┼───┼───╫───┼───┼───┼───╢
║ 1 │ 6 │ 5 │ 3 ║ 6 │ 2 │ 4 │ F ║ 2 │ B │ D │ E ║   │ D │   │ 6 ║
╚═══╧═══╧═══╧═══╩═══╧═══╧═══╧═══╩═══╧═══╧═══╧═══╩═══╧═══╧═══╧═══╝
String: 91589BEC8D5A2865D27.929B5DE8E3F468EDD9EFF5F9GC8A73.D7AA2191C995168138BB7.2C14222D7A95BA19F988555C99.7E3CB56CD7.F4987BAE48EB.74546C56922EGD.1GEB8A38F82C862BDBAEGG23C9517G64C9DF6.7..AG7A2G4G..G13AA89BEFB339E182G5.CG76D1365D2EFC5A6G8FFAE4D8G93F3D3AC75.F448C9.
Sudoku generado
╔═══╤═══╤═══╤═══╦═══╤═══╤═══╤═══╦═══╤═══╤═══╤═══╦═══╤═══╤═══╤═══╗
║ 9 │ 1 │ 5 │ 8 ║ 9 │ B │ E │ C ║ 8 │ D │ 5 │ A ║ 2 │ 8 │ 6 │ 5 ║
╟───┼───┼───┼───╫───┼───┼───┼───╫───┼───┼───┼───╫───┼───┼───┼───╢
║ D │ 2 │ 7 │   ║ 9 │ 2 │ 9 │ B ║ 5 │ D │ E │ 8 ║ E │ 3 │ F │ 4 ║
╟───┼───┼───┼───╫───┼───┼───┼───╫───┼───┼───┼───╫───┼───┼───┼───╢
║ 6 │ 8 │ E │ D ║ D │ 9 │ E │ F ║ F │ 5 │ F │ 9 ║ G │ C │ 8 │ A ║
╟───┼───┼───┼───╫───┼───┼───┼───╫───┼───┼───┼───╫───┼───┼───┼───╢
║ 7 │ 3 │   │ D ║ 7 │ A │ A │ 2 ║ 1 │ 9 │ 1 │ C ║ 9 │ 9 │ 5 │ 1 ║
╠═══╪═══╪═══╪═══╬═══╪═══╪═══╪═══╬═══╪═══╪═══╪═══╬═══╪═══╪═══╪═══╣
║ 6 │ 8 │ 1 │ 3 ║ 8 │ B │ B │ 7 ║   │ 2 │ C │ 1 ║ 4 │ 2 │ 2 │ 2 ║
╟───┼───┼───┼───╫───┼───┼───┼───╫───┼───┼───┼───╫───┼───┼───┼───╢
║ D │ 7 │ A │ 9 ║ 5 │ B │ A │ 1 ║ 9 │ F │ 9 │ 8 ║ 8 │ 5 │ 5 │ 5 ║
╟───┼───┼───┼───╫───┼───┼───┼───╫───┼───┼───┼───╫───┼───┼───┼───╢
║ C │ 9 │ 9 │   ║ 7 │ E │ 3 │ C ║ B │ 5 │ 6 │ C ║ D │ 7 │   │ F ║
╟───┼───┼───┼───╫───┼───┼───┼───╫───┼───┼───┼───╫───┼───┼───┼───╢
║ 4 │ 9 │ 8 │ 7 ║ B │ A │ E │ 4 ║ 8 │ E │ B │   ║ 7 │ 4 │ 5 │ 4 ║
╠═══╪═══╪═══╪═══╬═══╪═══╪═══╪═══╬═══╪═══╪═══╪═══╬═══╪═══╪═══╪═══╣
║ 6 │ C │ 5 │ 6 ║ 9 │ 2 │ 2 │ E ║ G │ D │   │ 1 ║ G │ E │ B │ 8 ║
╟───┼───┼───┼───╫───┼───┼───┼───╫───┼───┼───┼───╫───┼───┼───┼───╢
║ A │ 3 │ 8 │ F ║ 8 │ 2 │ C │ 8 ║ 6 │ 2 │ B │ D ║ B │ A │ E │ G ║
╟───┼───┼───┼───╫───┼───┼───┼───╫───┼───┼───┼───╫───┼───┼───┼───╢
║ G │ 2 │ 3 │ C ║ 9 │ 5 │ 1 │ 7 ║ G │ 6 │ 4 │ C ║ 9 │ D │ F │ 6 ║
╟───┼───┼───┼───╫───┼───┼───┼───╫───┼───┼───┼───╫───┼───┼───┼───╢
║   │ 7 │   │   ║ A │ G │ 7 │ A ║ 2 │ G │ 4 │ G ║   │   │ G │ 1 ║
╠═══╪═══╪═══╪═══╬═══╪═══╪═══╪═══╬═══╪═══╪═══╪═══╬═══╪═══╪═══╪═══╣
║ 3 │ A │ A │ 8 ║ 9 │ B │ E │ F ║ B │ 3 │ 3 │ 9 ║ E │ 1 │ 8 │ 2 ║
╟───┼───┼───┼───╫───┼───┼───┼───╫───┼───┼───┼───╫───┼───┼───┼───╢
║ G │ 5 │   │ C ║ G │ 7 │ 6 │ D ║ 1 │ 3 │ 6 │ 5 ║ D │ 2 │ E │ F ║
╟───┼───┼───┼───╫───┼───┼───┼───╫───┼───┼───┼───╫───┼───┼───┼───╢
║ C │ 5 │ A │ 6 ║ G │ 8 │ F │ F ║ A │ E │ 4 │ D ║ 8 │ G │ 9 │ 3 ║
╟───┼───┼───┼───╫───┼───┼───┼───╫───┼───┼───┼───╫───┼───┼───┼───╢
║ F │ 3 │ D │ 3 ║ A │ C │ 7 │ 5 ║   │ F │ 4 │ 4 ║ 8 │ C │ 9 │   ║
╚═══╧═══╧═══╧═══╩═══╧═══╧═══╧═══╩═══╧═══╧═══╧═══╩═══╧═══╧═══╧═══╝
String: 258BFDACG8D181.312E75EG64D934EAAD32C8F1C53.3.D24CFB81711418DB86B96..76349ABA1D.AD42EE5F7F717D822A2D83FE684CGD52C2.G6BEAG4CC72EFBCG664B83E36EB.G3153G9...12E3215173A9E8A6379G.2B8A3822D4B33AB7427B53.FA17F.94691GAG2EGEEB221D2A978G83AG6BE13547CCG12635G85DA8B1C.
Sudoku generado
╔═══╤═══╤═══╤═══╦═══╤═══╤═══╤═══╦═══╤═══╤═══╤═══╦═══╤═══╤═══╤═══╗
║ 2 │ 5 │ 8 │ B ║ F │ D │ A │ C ║ G │ 8 │ D │ 1 ║ 8 │ 1 │   │ 3 ║
╟───┼───┼───┼───╫───┼───┼───┼───╫───┼───┼───┼───╫───┼───┼───┼───╢
║ 1 │ 2 │ E │ 7 ║ 5 │ E │ G │ 6 ║ 4 │ D │ 9 │ 3 ║ 4 │ E │ A │ A ║
╟───┼───┼───┼───╫───┼───┼───┼───╫───┼───┼───┼───╫───┼───┼───┼───╢
║ D │ 3 │ 2 │ C ║ 8 │ F │ 1 │ C ║ 5 │ 3 │   │ 3 ║   │ D │ 2 │ 4 ║
╟───┼───┼───┼───╫───┼───┼───┼───╫───┼───┼───┼───╫───┼───┼───┼───╢
║ C │ F │ B │ 8 ║ 1 │ 7 │ 1 │ 1 ║ 4 │ 1 │ 8 │ D ║ B │ 8 │ 6 │ B ║
╠═══╪═══╪═══╪═══╬═══╪═══╪═══╪═══╬═══╪═══╪═══╪═══╬═══╪═══╪═══╪═══╣
║ 9 │ 6 │   │   ║ 7 │ 6 │ 3 │ 4 ║ 9 │ A │ B │ A ║ 1 │ D │   │ A ║
╟───┼───┼───┼───╫───┼───┼───┼───╫───┼───┼───┼───╫───┼───┼───┼───╢
║ D │ 4 │ 2 │ E ║ E │ 5 │ F │ 7 ║ F │ 7 │ 1 │ 7 ║ D │ 8 │ 2 │ 2 ║
╟───┼───┼───┼───╫───┼───┼───┼───╫───┼───┼───┼───╫───┼───┼───┼───╢
║ A │ 2 │ D │ 8 ║ 3 │ F │ E │ 6 ║ 8 │ 4 │ C │ G ║ D │ 5 │ 2 │ C ║
╟───┼───┼───┼───╫───┼───┼───┼───╫───┼───┼───┼───╫───┼───┼───┼───╢
║ 2 │   │ G │ 6 ║ B │ E │ A │ G ║ 4 │ C │ C │ 7 ║ 2 │ E │ F │ B ║
╠═══╪═══╪═══╪═══╬═══╪═══╪═══╪═══╬═══╪═══╪═══╪═══╬═══╪═══╪═══╪═══╣
║ C │ G │ 6 │ 6 ║ 4 │ B │ 8 │ 3 ║ E │ 3 │ 6 │ E ║ B │   │ G │ 3 ║
╟───┼───┼───┼───╫───┼───┼───┼───╫───┼───┼───┼───╫───┼───┼───┼───╢
║ 1 │ 5 │ 3 │ G ║ 9 │   │   │   ║ 1 │ 2 │ E │ 3 ║ 2 │ 1 │ 5 │ 1 ║
╟───┼───┼───┼───╫───┼───┼───┼───╫───┼───┼───┼───╫───┼───┼───┼───╢
║ 7 │ 3 │ A │ 9 ║ E │ 8 │ A │ 6 ║ 3 │ 7 │ 9 │ G ║   │ 2 │ B │ 8 ║
╟───┼───┼───┼───╫───┼───┼───┼───╫───┼───┼───┼───╫───┼───┼───┼───╢
║ A │ 3 │ 8 │ 2 ║ 2 │ D │ 4 │ B ║ 3 │ 3 │ A │ B ║ 7 │ 4 │ 2 │ 7 ║
╠═══╪═══╪═══╪═══╬═══╪═══╪═══╪═══╬═══╪═══╪═══╪═══╬═══╪═══╪═══╪═══╣
║ B │ 5 │ 3 │   ║ F │ A │ 1 │ 7 ║ F │   │ 9 │ 4 ║ 6 │ 9 │ 1 │ G ║
╟───┼───┼───┼───╫───┼───┼───┼───╫───┼───┼───┼───╫───┼───┼───┼───╢
║ A │ G │ 2 │ E ║ G │ E │ E │ B ║ 2 │ 2 │ 1 │ D ║ 2 │ A │ 9 │ 7 ║
╟───┼───┼───┼───╫───┼───┼───┼───╫───┼───┼───┼───╫───┼───┼───┼───╢
║ 8 │ G │ 8 │ 3 ║ A │ G │ 6 │ B ║ E │ 1 │ 3 │ 5 ║ 4 │ 7 │ C │ C ║
╟───┼───┼───┼───╫───┼───┼───┼───╫───┼───┼───┼───╫───┼───┼───┼───╢
║ G │ 1 │ 2 │ 6 ║ 3 │ 5 │ G │ 8 ║ 5 │ D │ A │ 8 ║ B │ 1 │ C │   ║
╚═══╧═══╧═══╧═══╩═══╧═══╧═══╧═══╩═══╧═══╧═══╧═══╩═══╧═══╧═══╧═══╝
.

 ========== TEST SUDOKU RESUELTO ==========
Sudoku resuelto (valor esperado): True
╔═══╤═══╤═══╦═══╤═══╤═══╦═══╤═══╤═══╗
║ 5 │ 3 │ 4 ║ 6 │ 7 │ 8 ║ 9 │ 1 │ 2 ║
╟───┼───┼───╫───┼───┼───╫───┼───┼───╢
║ 6 │ 7 │ 2 ║ 1 │ 9 │ 5 ║ 3 │ 4 │ 8 ║
╟───┼───┼───╫───┼───┼───╫───┼───┼───╢
║ 1 │ 9 │ 8 ║ 3 │ 4 │ 2 ║ 5 │ 6 │ 7 ║
╠═══╪═══╪═══╬═══╪═══╪═══╬═══╪═══╪═══╣
║ 8 │ 5 │ 9 ║ 7 │ 6 │ 1 ║ 4 │ 2 │ 3 ║
╟───┼───┼───╫───┼───┼───╫───┼───┼───╢
║ 4 │ 2 │ 6 ║ 8 │ 5 │ 3 ║ 7 │ 9 │ 1 ║
╟───┼───┼───╫───┼───┼───╫───┼───┼───╢
║ 7 │ 1 │ 3 ║ 9 │ 2 │ 4 ║ 8 │ 5 │ 6 ║
╠═══╪═══╪═══╬═══╪═══╪═══╬═══╪═══╪═══╣
║ 9 │ 6 │ 1 ║ 5 │ 3 │ 7 ║ 2 │ 8 │ 4 ║
╟───┼───┼───╫───┼───┼───╫───┼───┼───╢
║ 2 │ 8 │ 7 ║ 4 │ 1 │ 9 ║ 6 │ 3 │ 5 ║
╟───┼───┼───╫───┼───┼───╫───┼───┼───╢
║ 3 │ 4 │ 5 ║ 2 │ 8 │ 6 ║ 1 │ 7 │ 9 ║
╚═══╧═══╧═══╩═══╧═══╧═══╩═══╧═══╧═══╝
Valor actual: True
Sudoku resuelto (valor esperado): False
╔═══╤═══╤═══╦═══╤═══╤═══╦═══╤═══╤═══╗
║ 5 │ 3 │ 4 ║ 6 │ 7 │ 8 ║ 9 │ 1 │ 2 ║
╟───┼───┼───╫───┼───┼───╫───┼───┼───╢
║ 6 │ 7 │ 2 ║ 1 │ 9 │ 5 ║ 3 │ 4 │ 8 ║
╟───┼───┼───╫───┼───┼───╫───┼───┼───╢
║ 1 │ 9 │ 8 ║ 3 │ 4 │ 2 ║ 5 │ 6 │ 7 ║
╠═══╪═══╪═══╬═══╪═══╪═══╬═══╪═══╪═══╣
║ 8 │ 5 │ 9 ║ 7 │ 6 │ 1 ║ 4 │ 2 │ 3 ║
╟───┼───┼───╫───┼───┼───╫───┼───┼───╢
║ 4 │ 2 │ 6 ║ 8 │ 5 │ 3 ║ 7 │ 9 │ 1 ║
╟───┼───┼───╫───┼───┼───╫───┼───┼───╢
║ 7 │ 1 │ 3 ║ 9 │ 2 │ 4 ║ 8 │ 5 │ 6 ║
╠═══╪═══╪═══╬═══╪═══╪═══╬═══╪═══╪═══╣
║ 9 │ 6 │   ║ 5 │ 3 │ 7 ║ 2 │ 8 │ 4 ║
╟───┼───┼───╫───┼───┼───╫───┼───┼───╢
║ 2 │ 8 │ 7 ║ 4 │ 1 │ 9 ║ 6 │ 3 │ 5 ║
╟───┼───┼───╫───┼───┼───╫───┼───┼───╢
║ 3 │ 4 │ 5 ║ 2 │ 8 │ 6 ║ 1 │ 7 │ 9 ║
╚═══╧═══╧═══╩═══╧═══╧═══╩═══╧═══╧═══╝
Valor actual: False
Sudoku resuelto (valor esperado): False
╔═══╤═══╤═══╦═══╤═══╤═══╦═══╤═══╤═══╗
║ 5 │ 3 │ 4 ║ 6 │ 7 │ 8 ║ 9 │ 1 │ 2 ║
╟───┼───┼───╫───┼───┼───╫───┼───┼───╢
║ 6 │ 7 │ 2 ║ 1 │ 9 │ 5 ║ 3 │ 4 │ 8 ║
╟───┼───┼───╫───┼───┼───╫───┼───┼───╢
║ 1 │ 9 │ 8 ║ 3 │ 4 │ 2 ║ 5 │ 6 │ 7 ║
╠═══╪═══╪═══╬═══╪═══╪═══╬═══╪═══╪═══╣
║ 8 │ 5 │ 9 ║ 7 │ 6 │ 1 ║ 4 │ 2 │ 3 ║
╟───┼───┼───╫───┼───┼───╫───┼───┼───╢
║ 4 │ 2 │ 6 ║ 8 │ 5 │ 3 ║ 7 │ 9 │ 1 ║
╟───┼───┼───╫───┼───┼───╫───┼───┼───╢
║ 7 │ 1 │ 3 ║ 9 │ 2 │ 4 ║ 8 │ 5 │ 6 ║
╠═══╪═══╪═══╬═══╪═══╪═══╬═══╪═══╪═══╣
║ 9 │ 6 │ 5 ║ 5 │ 3 │ 7 ║ 2 │ 8 │ 4 ║
╟───┼───┼───╫───┼───┼───╫───┼───┼───╢
║ 2 │ 8 │ 7 ║ 4 │ 1 │ 9 ║ 6 │ 3 │ 5 ║
╟───┼───┼───╫───┼───┼───╫───┼───┼───╢
║ 3 │ 4 │ 5 ║ 2 │ 8 │ 6 ║ 1 │ 7 │ 9 ║
╚═══╧═══╧═══╩═══╧═══╧═══╩═══╧═══╧═══╝
Valor actual: False
Sudoku resuelto (valor esperado): True
╔═══╤═══╦═══╤═══╗
║ 4 │ 3 ║ 1 │ 2 ║
╟───┼───╫───┼───╢
║ 1 │ 2 ║ 3 │ 4 ║
╠═══╪═══╬═══╪═══╣
║ 2 │ 1 ║ 4 │ 3 ║
╟───┼───╫───┼───╢
║ 3 │ 4 ║ 2 │ 1 ║
╚═══╧═══╩═══╧═══╝
Valor actual: True
Sudoku resuelto (valor esperado): False
╔═══╤═══╦═══╤═══╗
║ 1 │ 3 ║ 4 │ 2 ║
╟───┼───╫───┼───╢
║ 1 │ 4 ║ 3 │ 2 ║
╠═══╪═══╬═══╪═══╣
║ 2 │ 3 ║ 4 │ 1 ║
╟───┼───╫───┼───╢
║ 2 │ 4 ║ 1 │ 3 ║
╚═══╧═══╩═══╧═══╝
Valor actual: False